<html>
<body>
<pre>
<h1>µVision Build Log</h1>
<h2>Tool Versions:</h2>
IDE-Version: µVision V5.36.0.0
Copyright (C) 2021 ARM Ltd and ARM Germany GmbH. All rights reserved.
License Information: Labinf Dauin Politecnico di Torino Flex license: MDK Professional 5.36 (Flex) (mdk_pro) Operation stops: 10 Mar 2024
 
Tool Versions:
Toolchain:       MDK Professional 5.36 (Flex)  Version: 5.36.0.0
Toolchain Path:  C:\Keil_v5\ARM\ARMCC\Bin
C Compiler:      Armcc.exe V5.06 update 7 (build 960)
Assembler:       Armasm.exe V5.06 update 7 (build 960)
Linker/Locator:  ArmLink.exe V5.06 update 7 (build 960)
Library Manager: ArmAr.exe V5.06 update 7 (build 960)
Hex Converter:   FromElf.exe V5.06 update 7 (build 960)
CPU DLL:         SARMCM3.DLL V5.36.0.0
Dialog DLL:      DARMP1.DLL V1.27.0.0
Target DLL:      UL2CM3.DLL V1.164.0.0
Dialog DLL:      TARMP1.DLL V1.26.0.0
 
<h2>Project:</h2>
C:\Users\s310030\Desktop\es_1v2\sample.uvprojx
Project File Date:  01/17/2023

<h2>Output:</h2>
*** Using Compiler 'V5.06 update 7 (build 960)', folder: 'C:\Keil_v5\ARM\ARMCC\Bin'
Rebuild target 'Target 1'
assembling startup_LPC17xx.s...
compiling core_cm3.c...
compiling system_LPC17xx.c...
compiling sample.c...
graphics/graphics.h(12): warning:  #1-D: last line of file ends without a newline
  void show_speaker(int level);
sample.c: 1 warning, 0 errors
compiling IRQ_timer.c...
timer\../graphics/graphics.h(12): warning:  #1-D: last line of file ends without a newline
  void show_speaker(int level);
timer\IRQ_timer.c: 1 warning, 0 errors
compiling lib_timer.c...
compiling AsciiLib.c...
compiling IRQ_RIT.c...
RIT\../graphics/graphics.h(12): warning:  #1-D: last line of file ends without a newline
  void show_speaker(int level);
RIT\IRQ_RIT.c: 1 warning, 0 errors
compiling lib_joystick.c...
compiling lib_RIT.c...
compiling funct_joystick.c...
compiling IRQ_adc.c...
compiling TouchPanel.c...
compiling funct_graphics.c...
graphics\funct_graphics.c(11): warning:  #1294-D: Old-style function draw_pou_conf0
  void draw_pou_conf0(color0,move_x){
graphics\funct_graphics.c(33): warning:  #1294-D: Old-style function draw_pou_conf1
  void draw_pou_conf1(color1,move_x){
graphics\funct_graphics.c(644): warning:  #1294-D: Old-style function draw_heart
  void draw_heart(x,y){
graphics\funct_graphics.c: 3 warnings, 0 errors
compiling HzLib.c...
compiling lib_adc.c...
compiling music.c...
compiling GLCD.c...
linking...
Program Size: Code=30532 RO-data=2488 RW-data=640 ZI-data=1192  
".\sample.axf" - 0 Error(s), 6 Warning(s).

<h2>Software Packages used:</h2>

Package Vendor: ARM
                http://www.keil.com/pack/ARM.CMSIS.5.8.0.pack
                ARM.CMSIS.5.8.0
                CMSIS (Common Microcontroller Software Interface Standard)
   * Component: CORE Version: 5.5.0

Package Vendor: Keil
                http://www.keil.com/pack/Keil.LPC1700_DFP.2.7.1.pack
                Keil.LPC1700_DFP.2.7.1
                NXP LPC1700 Series Device Support, Drivers and Examples for MCB1700 and LPC1788-32

<h2>Collection of Component include folders:</h2>
  .\RTE\_Target_1
  C:\Keil_v5\ARM\PACK\ARM\CMSIS\5.8.0\CMSIS\Core\Include
  C:\Keil_v5\ARM\PACK\Keil\LPC1700_DFP\2.7.1\Device\Include

<h2>Collection of Component Files used:</h2>

   * Component: ARM::CMSIS:CORE:5.5.0
Build Time Elapsed:  00:00:02
</pre>
</body>
</html>
